#include<iostream>
#include<stdio.h>
#include<math.h>
#include<vector>
#include<string>
using namespace std;
int foo(){
if(true){
return 1;
}
else{
return 2;
}
}
int main(){
}